pre
running in background
post
test exiting with 71
